gundersen-lutheran promoted 615959 1109835 0 5.0 
ohsu promoted 976657 944255 0 6.4 
rush promoted 199313 225629 0 1.4 
uchicago promoted 49438 167702 0 0.6 
banner-umc-phoenix promoted 517661 2484668 229 7.3 
mercyone-des-moines promoted 4921128 13011430 0 56.5 
mercyone-north-iowa promoted 3088713 6278320 0 30.5 
unitypoint-iowa-methodist promoted 988773 4057847 0 12.7 
mercyone-cedar-falls promoted 1605132 3470474 0 16.2 
unitypoint-allen promoted 769537 3151179 0 9.8 
unitypoint-finley promoted 831491 3419251 0 10.5 
nyu-tisch promoted 12382 3725155 2 9.9 
providence-alaska promoted 371865 808458 0 3.7 
md-anderson promoted 31501 2122978 20 5.3 
uihc promoted 7476324 37288389 450 105.6 
msk promoted 22887 597678 0 2.0 
sanford-usd promoted 3861886 16216590 0 49.8 
stanford promoted 75208 367247 0 1.4 
ucsf promoted 82283 256188 0 1.0 
cedars-sinai promoted 162611 3286784 0 11.0 
