gundersen-lutheran           initial  staged=    685,917 +685,917 -0 =0 v0 1.5s
ohsu                         initial  staged=    940,730 +940,730 -0 =0 v1 2.2s
rush                         initial  staged=    225,627 +225,627 -0 =0 v2 0.6s
uchicago                     initial  staged=    167,504 +167,504 -0 =0 v3 0.6s
banner-umc-phoenix           initial  staged=    567,546 +567,546 -0 =0 v4 1.4s
mercyone-des-moines          initial  staged=  5,107,221 +5,107,221 -0 =0 v5 11.7s
mercyone-north-iowa          initial  staged=  3,265,424 +3,265,424 -0 =0 v6 6.3s
unitypoint-iowa-methodist    initial  staged=    683,423 +683,423 -0 =0 v7 1.7s
mercyone-cedar-falls         initial  staged=  1,765,729 +1,765,729 -0 =0 v8 3.8s
unitypoint-allen             initial  staged=    613,715 +613,715 -0 =0 v9 1.6s
unitypoint-finley            initial  staged=    722,644 +722,644 -0 =0 v10 1.9s
nyu-tisch                    initial  staged=  3,725,155 +3,725,155 -0 =0 v11 6.1s
providence-alaska            initial  staged=    808,404 +808,404 -0 =0 v12 1.6s
md-anderson                  initial  staged=  2,122,978 +2,122,978 -0 =0 v13 3.9s
uihc                         initial  staged=  8,400,239 +8,400,239 -0 =0 v14 24.3s
msk                          initial  staged=    597,678 +597,678 -0 =0 v15 1.2s
sanford-usd                  initial  staged=  2,338,690 +2,338,690 -0 =0 v16 5.3s
stanford                     initial  staged=    345,706 +345,706 -0 =0 v17 0.8s
ucsf                         initial  staged=    255,111 +255,111 -0 =0 v18 0.6s
cedars-sinai                 initial  staged=  1,092,092 +1,092,092 -0 =0 v19 1.7s
atrium-cmc                   initial  staged=  6,626,358 +6,626,358 -0 =0 v20 23.9s
