gundersen-lutheran           initial  staged=    709,072 +709,072 -0 =0 v0 1.5s
ohsu                         initial  staged=    963,033 +963,033 -0 =0 v1 1.6s
rush                         initial  staged=    231,979 +231,979 -0 =0 v2 0.5s
uchicago                     initial  staged=    167,504 +167,504 -0 =0 v3 0.4s
banner-umc-phoenix           initial  staged=    567,546 +567,546 -0 =0 v4 1.0s
mercyone-des-moines          initial  staged=  5,107,810 +5,107,810 -0 =0 v5 8.0s
mercyone-north-iowa          initial  staged=  3,266,997 +3,266,997 -0 =0 v6 4.9s
unitypoint-iowa-methodist    initial  staged=    683,565 +683,565 -0 =0 v7 1.4s
mercyone-cedar-falls         initial  staged=  1,766,529 +1,766,529 -0 =0 v8 2.9s
unitypoint-allen             initial  staged=    613,797 +613,797 -0 =0 v9 1.2s
unitypoint-finley            initial  staged=    722,774 +722,774 -0 =0 v10 1.5s
nyu-tisch                    initial  staged=  3,725,155 +3,725,155 -0 =0 v11 4.8s
providence-alaska            initial  staged=    808,404 +808,404 -0 =0 v12 1.4s
md-anderson                  initial  staged=  2,122,978 +2,122,978 -0 =0 v13 3.4s
uihc                         initial  staged=  8,400,287 +8,400,287 -0 =0 v14 22.6s
msk                          initial  staged=    597,678 +597,678 -0 =0 v15 1.5s
sanford-usd                  initial  staged=  2,360,294 +2,360,294 -0 =0 v16 7.5s
stanford                     initial  staged=    345,706 +345,706 -0 =0 v17 0.8s
ucsf                         initial  staged=    255,111 +255,111 -0 =0 v18 0.7s
cedars-sinai                 initial  staged=  1,092,092 +1,092,092 -0 =0 v19 1.6s
atrium-cmc                   initial  staged=  6,626,358 +6,626,358 -0 =0 v20 34.0s
